=~=~=~=~=~=~=~=~=~=~=~= PuTTY log 2020.10.05 18:52:36 =~=~=~=~=~=~=~=~=~=~=~=
login as: csavary
Pre-authentication banner message from server:
| Access to Brooklyn College computers is restricted to authorized users
|         and approved educational and research purposes, only.
End of banner message from server
csavary@146.245.252.29's password: 
Last login: Mon Oct  5 18:48:08 2020 from 172.58.231.157
]0;csavary@sol29:~[?1034h[csavary@sol29 ~]$ mkdir Repo1
]0;csavary@sol29:~[csavary@sol29 ~]$ git int Repo1
git: 'int' is not a git command. See 'git --help'.

Did you mean this?
	init
]0;csavary@sol29:~[csavary@sol29 ~]$ git init Repot[K1
Initialized empty Git repository in /users1/st/csavary/Repo1/.git/
]0;csavary@sol29:~[csavary@sol29 ~]$ git status4[K
fatal: Not a git repository (or any parent up to mount point /users1)
Stopping at filesystem boundary (GIT_DISCOVERY_ACROSS_FILESYSTEM not set).
]0;csavary@sol29:~[csavary@sol29 ~]$ vim HelloWorlk[Kd.java
[?1049h[?1h=[2;1H▽[6n[2;1H  [1;1H]11;?[1;24r[?12;25h[?12l[?25h[27m[m[H[2J[?25l[24;1H"HelloWorld.java" [New File][>c[2;1H[1m[34m~                                                                               [3;1H~                                                                               [4;1H~                                                                               [5;1H~                                                                               [6;1H~                                                                               [7;1H~                                                                               [8;1H~                                                                               [9;1H~                                                                               [10;1H~                                                                               [11;1H~                                                                               [12;1H~                                                                               [13;1H~                                                                               [14;1H~                                                                               [15;1H~                                                                               [16;1H~                                                                               [17;1H~                                                                               [18;1H~                                                                               [19;1H~                                                                               [20;1H~                                                                               [21;1H~                                                                               [22;1H~                                                                               [23;1H~                                                                               [m[24;63H0,0-1[9CAll[1;1H[?12l[?25h[?25l[24;1H[1m-- INSERT --[m[24;13H[K[24;63H0,1[11CAll[1;1H[?12l[?25h[?25lp[24;63H1,2[1;2H[?12l[?25h[?25lu[24;65H3[1;3H[?12l[?25h[?25lb[24;65H4[1;4H[?12l[?25h[?25ll[24;65H5[1;5H[?12l[?25h[?25li[24;65H6[1;6H[?12l[?25h[?25l[32mpublic[m[24;65H7[1;7H[?12l[?25h[?25l[24;65H8[1;8H[?12l[?25h[?25lc[24;65H9[1;9H[?12l[?25h[?25ll[24;65H10[1;10H[?12l[?25h[?25la[24;66H1[1;11H[?12l[?25h[?25ls[24;66H2[1;12H[?12l[?25h[?25l[32mclass[m[24;66H3[1;13H[?12l[?25h[?25l[24;66H4[1;14H[?12l[?25h[?25lH[24;66H5[1;15H[?12l[?25h[?25le[24;66H6[1;16H[?12l[?25h[?25ll[24;66H7[1;17H[?12l[?25h[?25ll[24;66H8[1;18H[?12l[?25h[?25lo[24;66H9[1;19H[?12l[?25h[?25lW[24;65H20[1;20H[?12l[?25h[?25lo[24;66H1[1;21H[?12l[?25h[?25lr[24;66H2[1;22H[?12l[?25h[?25ll[24;66H3[1;23H[?12l[?25h[?25ld[24;66H4[1;24H[?12l[?25h[?25l{[24;66H5[1;25H[?12l[?25h[?25l[2;1H[K[24;63H2,1 [2;1H[?12l[?25h[?25l[24;65H2-9[2;9H[?12l[?25h[?25lp[24;65H3-10[2;10H[?12l[?25h[?25lu[24;65H4-11[2;11H[?12l[?25h[?25lb[24;65H5-12[2;12H[?12l[?25h[?25ll[24;65H6-13[2;13H[?12l[?25h[?25li[24;65H7-14[2;14H[?12l[?25h[?25lo[24;65H8-15[2;15H[?12l[?25h[?25lc[24;65H9-16[2;16H[?12l[?25h[?25l[2;15H[K[24;65H8-15[2;15H[?12l[?25h[?25l[2;14H[K[24;65H7-14[2;14H[?12l[?25h[?25l[32mpublic[m[24;65H8-15[2;15H[?12l[?25h[?25l[24;65H9-16[2;16H[?12l[?25h[?25ls[24;65H10-17[2;17H[?12l[?25h[?25lt[24;66H1-18[2;18H[?12l[?25h[?25la[24;66H2-19[2;19H[?12l[?25h[?25lt[24;66H3-20[2;20H[?12l[?25h[?25li[24;66H4-21[2;21H[?12l[?25h[?25l[32mstatic[m[24;66H5-22[2;22H[?12l[?25h[?25l[24;66H6-23[2;23H[?12l[?25h[?25lv[24;66H7-24[2;24H[?12l[?25h[?25lo[24;66H8-25[2;25H[?12l[?25h[?25li[24;66H9-26[2;26H[?12l[?25h[?25l[32mvoid[m[24;65H20-27[2;27H[?12l[?25h[?25l[24;66H1-28[2;28H[?12l[?25h[?25lm[24;66H2-29[2;29H[?12l[?25h[?25la[24;66H3-30[2;30H[?12l[?25h[?25li[24;66H4-31[2;31H[?12l[?25h[?25ln[24;66H5-32[2;32H[?12l[?25h[?25l([24;66H6-33[2;33H[?12l[?25h[?25lS[24;66H7-34[2;34H[?12l[?25h[?25lt[24;66H8-35[2;35H[?12l[?25h[?25lr[24;66H9-36[2;36H[?12l[?25h[?25li[24;65H30-37[2;37H[?12l[?25h[?25ln[24;66H1-38[2;38H[?12l[?25h[?25lg[24;66H2-39[2;39H[?12l[?25h[?25l[[24;66H3-40[2;40H[?12l[?25h[?25l][46m[][m[24;66H4-41[2;41H[?12l[?25h[?25l a[][24;66H6-43[2;43H[?12l[?25h[?25lr[24;66H7-44[2;44H[?12l[?25h[?25lg[24;66H8-45[2;45H[?12l[?25h[?25ls[24;66H9-46[2;46H[?12l[?25h[?25l)[2;32H[46m([13C)[m[24;65H40-47[2;47H[?12l[?25h[?25l{[2;32H([13C)[24;66H1-48[2;48H[?12l[?25h[?25l[3;1H[K[24;63H3,1    [3;1H[?12l[?25h[?25lS[24;65H2[3;2H[?12l[?25h[?25ly[24;65H3[3;3H[?12l[?25h[?25ls[24;65H4[3;4H[?12l[?25h[?25l[3;3H[K[24;65H3[3;3H[?12l[?25h[?25l[3;2H[K[24;65H2[3;2H[?12l[?25h[?25l[3;1H[K[24;65H1[3;1H[?12l[?25h[?25l[24;65H2-9[3;9H[?12l[?25h[?25l[24;65H3-17[3;17H[?12l[?25h[?25lS[24;65H4-18[3;18H[?12l[?25h[?25ly[24;65H5-19[3;19H[?12l[?25h[?25lt[24;65H6-20[3;20H[?12l[?25h[?25l[3;19H[K[24;65H5-19[3;19H[?12l[?25h[?25ls[24;65H6-20[3;20H[?12l[?25h[?25lt[24;65H7-21[3;21H[?12l[?25h[?25le[24;65H8-22[3;22H[?12l[?25h[?25lm[24;65H9-23[3;23H[?12l[?25h[?25l.[24;65H10-24[3;24H[?12l[?25h[?25lo[24;66H1-25[3;25H[?12l[?25h[?25lu[24;66H2-26[3;26H[?12l[?25h[?25lt[24;66H3-27[3;27H[?12l[?25h[?25l.[24;66H4-28[3;28H[?12l[?25h[?25lp[24;66H5-29[3;29H[?12l[?25h[?25lr[24;66H6-30[3;30H[?12l[?25h[?25li[24;66H7-31[3;31H[?12l[?25h[?25ln[24;66H8-32[3;32H[?12l[?25h[?25ltln[24;65H21-35[3;35H[?12l[?25h[?25l([24;66H2-36[3;36H[?12l[?25h[?25l[31m"[m[24;66H3-37[3;37H[?12l[?25h[?25l[31mH[m[24;66H4-38[3;38H[?12l[?25h[?25l[31me[m[24;66H5-39[3;39H[?12l[?25h[?25l[31ml[m[24;66H6-40[3;40H[?12l[?25h[?25l[31ml[m[24;66H7-41[3;41H[?12l[?25h[?25l[31mo[m[24;66H8-42[3;42H[?12l[?25h[?25l[31m [m[24;66H9-43[3;43H[?12l[?25h[?25l[31mW[m[24;65H30-44[3;44H[?12l[?25h[?25l[31mo[m[24;66H1-45[3;45H[?12l[?25h[?25l[31mr[m[24;66H2-46[3;46H[?12l[?25h[?25l[31ml[m[24;66H3-47[3;47H[?12l[?25h[?25l[31md[m[24;66H4-48[3;48H[?12l[?25h[?25l[31m"[m[24;66H5-49[3;49H[?12l[?25h[?25l)[3;35H[46m([13C)[m[24;66H6-50[3;50H[?12l[?25h[?25l;[3;35H([13C)[24;66H7-51[3;51H[?12l[?25h[?25l[4;1H[K[24;63H4,1    [4;1H[?12l[?25h[?25l[24;65H2-9[4;9H[?12l[?25h[?25l[24;65H3-17[4;17H[?12l[?25h[?25lS[24;65H4-18[4;18H[?12l[?25h[?25lt[24;65H5-19[4;19H[?12l[?25h[?25l[4;18H[K[24;65H4-18[4;18H[?12l[?25h[?25ly[24;65H5-19[4;19H[?12l[?25h[?25ls[24;65H6-20[4;20H[?12l[?25h[?25lt[24;65H7-21[4;21H[?12l[?25h[?25lem[24;65H9-23[4;23H[?12l[?25h[?25l.[24;65H10-24[4;24H[?12l[?25h[?25lo[24;66H1-25[4;25H[?12l[?25h[?25lu[24;66H2-26[4;26H[?12l[?25h[?25lt[24;66H3-27[4;27H[?12l[?25h[?25l.[24;66H4-28[4;28H[?12l[?25h[?25lp[24;66H5-29[4;29H[?12l[?25h[?25lr[24;66H6-30[4;30H[?12l[?25h[?25li[24;66H7-31[4;31H[?12l[?25h[?25ln[24;66H8-32[4;32H[?12l[?25h[?25lt[24;66H9-33[4;33H[?12l[?25h[?25ll[24;65H20-34[4;34H[?12l[?25h[?25ln[24;66H1-35[4;35H[?12l[?25h[?25l([24;66H2-36[4;36H[?12l[?25h[?25lj[24;66H3-37[4;37H[?12l[?25h[?25la[24;66H4-38[4;38H[?12l[?25h[?25lv[24;66H5-39[4;39H[?12l[?25h[?25la[24;66H6-40[4;40H[?12l[?25h[?25l.[24;66H7-41[4;41H[?12l[?25h[?25lt[24;66H8-42[4;42H[?12l[?25h[?25li[24;66H9-43[4;43H[?12l[?25h[?25lm[24;65H30-44[4;44H[?12l[?25h[?25le[24;66H1-45[4;45H[?12l[?25h[?25l.[24;66H2-46[4;46H[?12l[?25h[?25lL[24;66H3-47[4;47H[?12l[?25h[?25lo[24;66H4-48[4;48H[?12l[?25h[?25lc[24;66H5-49[4;49H[?12l[?25h[?25la[24;66H6-50[4;50H[?12l[?25h[?25ll[24;66H7-51[4;51H[?12l[?25h[?25lD[24;66H8-52[4;52H[?12l[?25h[?25la[24;66H9-53[4;53H[?12l[?25h[?25lt[24;65H40-54[4;54H[?12l[?25h[?25le[24;66H1-55[4;55H[?12l[?25h[?25l.[24;66H2-56[4;56H[?12l[?25h[?25lno[24;66H4-58[4;58H[?12l[?25h[?25lw[24;66H5-59[4;59H[?12l[?25h[?25l([24;66H6-60[4;60H[?12l[?25h[?25l)[46m()[m[24;66H7-61[4;61H[?12l[?25h[?25l)[4;35H[46m([m[23C()[46m)[m[24;66H8-62[4;62H[?12l[?25h[?25l;[4;35H([25C)[24;66H9-63[4;63H[?12l[?25h[?25l[5;1H[K[24;63H5,1    [5;1H[?12l[?25h[?25l[24;65H2-9[5;9H[?12l[?25h[?25l}[2;47H[46m{[5;9H}[m[24;65H3-10[5;10H[?12l[?25h[?25l[6;1H[K[2;47H{[5;9H}[24;63H6,1   [6;1H[?12l[?25h[?25l}[1;24H[46m{[6;1H}[m[24;65H2[6;2H[?12l[?25h[24;1H[K[6;1H[?25l[24;63H6,1[11CAll[6;1H[?12l[?25h[?25l[24;63H[K[24;1H:[?12l[?25hx[?25l[?12l[?25ha[?25l[?12l[?25h[?25l"HelloWorld.java" [New] 6L, 157C written
[?1l>[?12l[?25h[?1049l]0;csavary@sol29:~[csavary@sol29 ~]$ cd Repo1
]0;csavary@sol29:~/Repo1[csavary@sol29 Repo1]$ vim HelloWorls[Kd[K[K[K[K[K[K[K[K[K[K[K[K[K[Kgit status
# On branch master
#
# Initial commit
#
nothing to commit (create/copy files and use "git add" to track)
]0;csavary@sol29:~/Repo1[csavary@sol29 Repo1]$ vim HelloWorld.java
[?1049h[?1h=[2;1H▽[6n[2;1H  [1;1H]11;?[1;24r[?12;25h[?12l[?25h[27m[m[H[2J[?25l[24;1H"HelloWorld.java" [New File][>c[2;1H[1m[34m~                                                                               [3;1H~                                                                               [4;1H~                                                                               [5;1H~                                                                               [6;1H~                                                                               [7;1H~                                                                               [8;1H~                                                                               [9;1H~                                                                               [10;1H~                                                                               [11;1H~                                                                               [12;1H~                                                                               [13;1H~                                                                               [14;1H~                                                                               [15;1H~                                                                               [16;1H~                                                                               [17;1H~                                                                               [18;1H~                                                                               [19;1H~                                                                               [20;1H~                                                                               [21;1H~                                                                               [22;1H~                                                                               [23;1H~                                                                               [m[24;63H0,0-1[9CAll[1;1H[?12l[?25h[?25l[24;1H[1m-- INSERT --[m[24;13H[K[24;63H0,1[11CAll[1;1H[?12l[?25h[?25lp[24;63H1,2[1;2H[?12l[?25h[?25lu[24;65H3[1;3H[?12l[?25h[?25lb[24;65H4[1;4H[?12l[?25h[?25ll[24;65H5[1;5H[?12l[?25h[?25li[24;65H6[1;6H[?12l[?25h[?25l[32mpublic[m[24;65H7[1;7H[?12l[?25h[?25l[24;65H8[1;8H[?12l[?25h[?25lc[24;65H9[1;9H[?12l[?25h[?25ll[24;65H10[1;10H[?12l[?25h[?25la[24;66H1[1;11H[?12l[?25h[?25ls[24;66H2[1;12H[?12l[?25h[?25l[32mclass[m[24;66H3[1;13H[?12l[?25h[?25l[24;66H4[1;14H[?12l[?25h[?25lH[24;66H5[1;15H[?12l[?25h[?25le[24;66H6[1;16H[?12l[?25h[?25ll[24;66H7[1;17H[?12l[?25h[?25ll[24;66H8[1;18H[?12l[?25h[?25lo[24;66H9[1;19H[?12l[?25h[?25lW[24;65H20[1;20H[?12l[?25h[?25lo[24;66H1[1;21H[?12l[?25h[?25lr[24;66H2[1;22H[?12l[?25h[?25ll[24;66H3[1;23H[?12l[?25h[?25ls[24;66H4[1;24H[?12l[?25h[?25l[1;23H[K[24;66H3[1;23H[?12l[?25h[?25ld[24;66H4[1;24H[?12l[?25h[?25l([24;66H5[1;25H[?12l[?25h[?25l[1;24H[K[24;66H4[1;24H[?12l[?25h[?25l{[24;66H5[1;25H[?12l[?25h[?25l[2;1H[K[24;63H2,1 [2;1H[?12l[?25h[?25l[24;65H2-9[2;9H[?12l[?25h[?25lp[24;65H3-10[2;10H[?12l[?25h[?25lu[24;65H4-11[2;11H[?12l[?25h[?25lb[24;65H5-12[2;12H[?12l[?25h[?25ll[24;65H6-13[2;13H[?12l[?25h[?25li[24;65H7-14[2;14H[?12l[?25h[?25l[32mpublic[m[24;65H8-15[2;15H[?12l[?25h[?25l[24;65H9-16[2;16H[?12l[?25h[?25ls[24;65H10-17[2;17H[?12l[?25h[?25lt[24;66H1-18[2;18H[?12l[?25h[?25la[24;66H2-19[2;19H[?12l[?25h[?25lt[24;66H3-20[2;20H[?12l[?25h[?25li[24;66H4-21[2;21H[?12l[?25h[?25l[32mstatic[m[24;66H5-22[2;22H[?12l[?25h[?25lstaticv[24;66H6-23[2;23H[?12l[?25h[?25lo[24;66H7-24[2;24H[?12l[?25h[?25li[24;66H8-25[2;25H[?12l[?25h[?25ld[24;66H9-26[2;26H[?12l[?25h[?25l[24;65H20-27[2;27H[?12l[?25h[?25l[24;65H19-26[2;26H[?12l[?25h[?25l[2;25H[K[24;66H8-25[2;25H[?12l[?25h[?25l[2;24H[K[24;66H7-24[2;24H[?12l[?25h[?25l[2;23H[K[24;66H6-23[2;23H[?12l[?25h[?25l[2;16H[32mstatic[m[2;22H[K[24;66H5-22[2;22H[?12l[?25h[?25l[24;66H6-23[2;23H[?12l[?25h[?25lv[24;66H7-24[2;24H[?12l[?25h[?25lo[24;66H8-25[2;25H[?12l[?25h[?25li[24;66H9-26[2;26H[?12l[?25h[?25l[32mvoid[m[24;65H20-27[2;27H[?12l[?25h[?25l[24;66H1-28[2;28H[?12l[?25h[?25lm[24;66H2-29[2;29H[?12l[?25h[?25la[24;66H3-30[2;30H[?12l[?25h[?25li[24;66H4-31[2;31H[?12l[?25h[?25ln[24;66H5-32[2;32H[?12l[?25h[?25l([24;66H6-33[2;33H[?12l[?25h[?25lS[24;66H7-34[2;34H[?12l[?25h[?25lt[24;66H8-35[2;35H[?12l[?25h[?25lr[24;66H9-36[2;36H[?12l[?25h[?25li[24;65H30-37[2;37H[?12l[?25h[?25ln[24;66H1-38[2;38H[?12l[?25h[?25lg[24;66H2-39[2;39H[?12l[?25h[?25l[[24;66H3-40[2;40H[?12l[?25h[?25l][46m[][m[24;66H4-41[2;41H[?12l[?25h[?25l[][24;66H5-42[2;42H[?12l[?25h[?25la[24;66H6-43[2;43H[?12l[?25h[?25lr[24;66H7-44[2;44H[?12l[?25h[?25lg[24;66H8-45[2;45H[?12l[?25h[?25ls[24;66H9-46[2;46H[?12l[?25h[?25l)[2;32H[46m([13C)[m[24;65H40-47[2;47H[?12l[?25h[?25l{[2;32H([13C)[24;66H1-48[2;48H[?12l[?25h[?25l[3;1H[K[24;63H3,1    [3;1H[?12l[?25h[?25l[24;65H2-9[3;9H[?12l[?25h[?25lS[24;65H3-10[3;10H[?12l[?25h[?25lys[24;65H5-12[3;12H[?12l[?25h[?25lt[24;65H6-13[3;13H[?12l[?25h[?25le[24;65H7-14[3;14H[?12l[?25h[?25lm[24;65H8-15[3;15H[?12l[?25h[?25l.[24;65H9-16[3;16H[?12l[?25h[?25lo[24;65H10-17[3;17H[?12l[?25h[?25lu[24;66H1-18[3;18H[?12l[?25h[?25lt[24;66H2-19[3;19H[?12l[?25h[?25l.[24;66H3-20[3;20H[?12l[?25h[?25lp[24;66H4-21[3;21H[?12l[?25h[?25lr[24;66H5-22[3;22H[?12l[?25h[?25li[24;66H6-23[3;23H[?12l[?25h[?25ln[24;66H7-24[3;24H[?12l[?25h[?25lt[24;66H8-25[3;25H[?12l[?25h[?25ll[24;66H9-26[3;26H[?12l[?25h[?25ln[24;65H20-27[3;27H[?12l[?25h[?25l([24;66H1-28[3;28H[?12l[?25h[?25l[31m"[m[24;66H2-29[3;29H[?12l[?25h[?25l[31mH[m[24;66H3-30[3;30H[?12l[?25h[?25l[31me[m[24;66H4-31[3;31H[?12l[?25h[?25l[31ml[m[24;66H5-32[3;32H[?12l[?25h[?25l[31ml[m[24;66H6-33[3;33H[?12l[?25h[?25l[31mo[m[24;66H7-34[3;34H[?12l[?25h[?25l[31m [m[24;66H8-35[3;35H[?12l[?25h[?25l[31mW[m[24;66H9-36[3;36H[?12l[?25h[?25l[31mO[m[24;65H30-37[3;37H[?12l[?25h[?25l[31mr[m[24;66H1-38[3;38H[?12l[?25h[?25l[31ml[m[24;66H2-39[3;39H[?12l[?25h[?25l[31ms[m[24;66H3-40[3;40H[?12l[?25h[?25l[3;39H[K[24;66H2-39[3;39H[?12l[?25h[?25l[3;38H[K[24;66H1-38[3;38H[?12l[?25h[?25l[3;37H[K[24;66H0-37[3;37H[?12l[?25h[?25l[3;36H[K[24;65H29-36[3;36H[?12l[?25h[?25l[31mo[m[24;65H30-37[3;37H[?12l[?25h[?25l[31mr[m[24;66H1-38[3;38H[?12l[?25h[?25l[31ml[m[24;66H2-39[3;39H[?12l[?25h[?25l[31md[m[24;66H3-40[3;40H[?12l[?25h[?25l[31m"[m[24;66H4-41[3;41H[?12l[?25h[?25l)[3;27H[46m([13C)[m[24;66H5-42[3;42H[?12l[?25h[?25l;[3;27H([13C)[24;66H6-43[3;43H[?12l[?25h[?25l[4;1H[K[24;63H4,1    [4;1H[?12l[?25h[?25l[24;65H2-9[4;9H[?12l[?25h[?25lS[24;65H3-10[4;10H[?12l[?25h[?25ls[24;65H4-11[4;11H[?12l[?25h[?25ly[24;65H5-12[4;12H[?12l[?25h[?25l[4;11H[K[24;65H4-11[4;11H[?12l[?25h[?25l[4;10H[K[24;65H3-10[4;10H[?12l[?25h[?25ly[24;65H4-11[4;11H[?12l[?25h[?25ls[24;65H5-12[4;12H[?12l[?25h[?25lt[24;65H6-13[4;13H[?12l[?25h[?25le[24;65H7-14[4;14H[?12l[?25h[?25lm[24;65H8-15[4;15H[?12l[?25h[?25l.[24;65H9-16[4;16H[?12l[?25h[?25lo[24;65H10-17[4;17H[?12l[?25h[?25lu[24;66H1-18[4;18H[?12l[?25h[?25lt[24;66H2-19[4;19H[?12l[?25h[?25l.[24;66H3-20[4;20H[?12l[?25h[?25lp[24;66H4-21[4;21H[?12l[?25h[?25lr[24;66H5-22[4;22H[?12l[?25h[?25li[24;66H6-23[4;23H[?12l[?25h[?25ln[24;66H7-24[4;24H[?12l[?25h[?25lt[24;66H8-25[4;25H[?12l[?25h[?25ll[24;66H9-26[4;26H[?12l[?25h[?25ln[24;65H20-27[4;27H[?12l[?25h[?25l([24;66H1-28[4;28H[?12l[?25h[?25lj[24;66H2-29[4;29H[?12l[?25h[?25la[24;66H3-30[4;30H[?12l[?25h[?25lv[24;66H4-31[4;31H[?12l[?25h[?25la[24;66H5-32[4;32H[?12l[?25h[?25l.[24;66H6-33[4;33H[?12l[?25h[?25lt[24;66H7-34[4;34H[?12l[?25h[?25li[24;66H8-35[4;35H[?12l[?25h[?25lm[24;66H9-36[4;36H[?12l[?25h[?25le[24;65H30-37[4;37H[?12l[?25h[?25l.[24;66H1-38[4;38H[?12l[?25h[?25lL[24;66H2-39[4;39H[?12l[?25h[?25lo[24;66H3-40[4;40H[?12l[?25h[?25lc[24;66H4-41[4;41H[?12l[?25h[?25la[24;66H5-42[4;42H[?12l[?25h[?25ll[24;66H6-43[4;43H[?12l[?25h[?25lD[24;66H7-44[4;44H[?12l[?25h[?25la[24;66H8-45[4;45H[?12l[?25h[?25lt[24;66H9-46[4;46H[?12l[?25h[?25le[24;65H40-47[4;47H[?12l[?25h[?25l.[24;66H1-48[4;48H[?12l[?25h[?25lno[24;66H3-50[4;50H[?12l[?25h[?25lw[24;66H4-51[4;51H[?12l[?25h[?25l([24;66H5-52[4;52H[?12l[?25h[?25l)[46m()[m[24;66H6-53[4;53H[?12l[?25h[?25l)[4;27H[46m([m[23C()[46m)[m[24;66H7-54[4;54H[?12l[?25h[?25l;[4;27H([25C)[24;66H8-55[4;55H[?12l[?25h[?25l[5;1H[K[24;63H5,1    [5;1H[?12l[?25h[?25l}[2;47H[46m{


}[m[24;65H2[5;2H[?12l[?25h[?25l[6;1H[K[2;47H{


}[24;63H6,1[6;1H[?12l[?25h[?25l}[1;24H[46m{[6;1H}[m[24;65H2[6;2H[?12l[?25h[24;1H[K[6;1H[?25l[24;63H6,1[11CAll[6;1H[?12l[?25h[?25l[24;63H[K[24;1H:[?12l[?25hx[?25l[?12l[?25ha[?25l[?12l[?25h[?25l"HelloWorld.java" [New] 6L, 154C written
[?1l>[?12l[?25h[?1049l]0;csavary@sol29:~/Repo1[csavary@sol29 Repo1]$ git add HelloWorld.java
]0;csavary@sol29:~/Repo1[csavary@sol29 Repo1]$ git commit -m "Creates Hello World[C[C[C[C[1P[1P[1P[1P[1P[C[1P[1P[1@P[1@r[1@i[1@n[1@t[1@s[C[C[C[C[C[C[C[C[C[C[C[C and Generates current D ate"

*** Please tell me who you are.

Run

  git config --global user.email "you@example.com"
  git config --global user.name "Your Name"

to set your account's default identity.
Omit --global to set the identity only in this repository.

fatal: unable to auto-detect email address (got 'csavary@sol29.(none)')
]0;csavary@sol29:~/Repo1[csavary@sol29 Repo1]$ git config chey[K[K[K[Kuser.came[K[K[K[Kname chey[K[K[K[K"cheynoel"
]0;csavary@sol29:~/Repo1[csavary@sol29 Repo1]$ git commit -m "Prints Hello World and Generates current D ate"

*** Please tell me who you are.

Run

  git config --global user.email "you@example.com"
  git config --global user.name "Your Name"

to set your account's default identity.
Omit --global to set the identity only in this repository.

fatal: unable to auto-detect email address (got 'csavary@sol29.(none)')
]0;csavary@sol29:~/Repo1[csavary@sol29 Repo1]$  git config user.name "cheynoel"[C[C[C[C[1@-[1@-[1@g[1@l[1@o[1@b[1@a[1@l[1@ 
]0;csavary@sol29:~/Repo1[csavary@sol29 Repo1]$ git commit -m "Prints Hello World and Generates current D ate"

*** Please tell me who you are.

Run

  git config --global user.email "you@example.com"
  git config --global user.name "Your Name"

to set your account's default identity.
Omit --global to set the identity only in this repository.

fatal: unable to auto-detect email address (got 'csavary@sol29.(none)')
]0;csavary@sol29:~/Repo1[csavary@sol29 Repo1]$ git config --global user.name "cheynoel"
]0;csavary@sol29:~/Repo1[csavary@sol29 Repo1]$ git push https://github.com/cheynoel/RepoMeta.git
warning: push.default is unset; its implicit value is changing in
Git 2.0 from 'matching' to 'simple'. To squelch this message
and maintain the current behavior after the default changes, use:

  git config --global push.default matching

To squelch this message and adopt the new behavior now, use:

  git config --global push.default simple

See 'git help config' and search for 'push.default' for further information.
(the 'simple' mode was introduced in Git 1.7.11. Use the similar mode
'current' instead of 'simple' if you sometimes use older versions of Git)

Username for 'https://github.com': cheynoel
Password for 'https://cheynoel@github.com': 
Everything up-to-date
]0;csavary@sol29:~/Repo1[csavary@sol29 Repo1]$  git push https://github.com/cheynoel/RepoMeta.git[1P
warning: push.default is unset; its implicit value is changing in
Git 2.0 from 'matching' to 'simple'. To squelch this message
and maintain the current behavior after the default changes, use:

  git config --global push.default matching

To squelch this message and adopt the new behavior now, use:

  git config --global push.default simple

See 'git help config' and search for 'push.default' for further information.
(the 'simple' mode was introduced in Git 1.7.11. Use the similar mode
'current' instead of 'simple' if you sometimes use older versions of Git)

Username for 'https://github.com': cheynoel
Password for 'https://cheynoel@github.com': 
Everything up-to-date
]0;csavary@sol29:~/Repo1[csavary@sol29 Repo1]$ exit
logout
